d22c183987f8955fa1059bcae8324779  ads.tar.gz
9ee7e762cf5d5f13b6bf9a418f007d52  adult.tar.gz
6d80ac92783049e0bcd297b7b3699827  aggressive.tar.gz
6d80ac92783049e0bcd297b7b3699827  agressif.tar.gz
adf4be70a21d4668c8ae3691b105f9a2  ai.tar.gz
c829d5ad131be173ecf4bc144224e656  arjel.tar.gz
83c198b52bb20d2956168ac877dd64a1  associations_religieuses.tar.gz
a9da3a0091fde560035dbad68611bcb9  astrology.tar.gz
c9869c8802c5ddc076fa22a463c0b30e  audio-video.tar.gz
77c6361a1a5091bc2f77a2c4c65a7168  bank.tar.gz
5b454184e5c8b2a649cc1a1a1744582b  bitcoin.tar.gz
e772ab0fb68bf90b8cbf21b23178a294  blacklists.tar.gz
d8acec8571fea4c97acc18fcf2743599  blog.tar.gz
ef28e523a6126720e0e7b4eafa0438e9  catalogue-biu-toulouse.tar.gz
df9a1b3eb930697f684e0aae9ee09a58  cc-by-sa-4-0.pdf
4753173b4ee1b638971604750ee51275  cc-by-sa-4-0.pdf.tar.gz
2d79bb12b6f92c54afbf6d9291fd43e9  celebrity.tar.gz
624b553b0d08ea1b4515ba7d65794a3c  chat.tar.gz
2ea7311ee49eae2179b1c352292de15b  child.tar.gz
83c931fcdadd8ea64d3c0a6e3332d699  cleaning.tar.gz
f4794e6226f26cb00c05a1c882f744b5  cooking.tar.gz
78d444816e095201136abaf6a4c57ea9  cryptojacking.tar.gz
8a338d59a7e4b1595e86013c848c1dfd  dangerous_material.tar.gz
5556c9f8d0a32b3a33bbdac2f5f9ac81  dating.tar.gz
3f04e56464cba907c7d6918336d2ed2a  ddos.tar.gz
5f5bed053a42e34a5969cf85fd5d69ab  dialer.tar.gz
6fae762e4a49ce95fee3ea82b4a77fc5  doh.tar.gz
258ff924b2fc72d0d00b0fb9b07de5e1  domains.tar.gz
19b4d565b1ff51b87241548a92fad2b0  download.tar.gz
3bdc2461873fc02a94b9f0b3cd0df912  drogue.tar.gz
3bdc2461873fc02a94b9f0b3cd0df912  drugs.tar.gz
756ac249544b849d367bccb44dc08efd  dynamic-dns.tar.gz
425f21b15ece0227185209f8b7327113  educational_games.tar.gz
76381ce91f60b54f38308257dfa84310  examen_pix.tar.gz
df131e2d22643e5cb3aae3e14cae67e7  exceptions_liste_bu.tar.gz
b32179816132b1e0502600ad6f267035  fakenews.tar.gz
7c09264a21763ac92ab36e10e3b41eae  filehosting.tar.gz
b9963fa7c412985ff585c02253340001  financial.tar.gz
a5102d360317d9b426d6e4918690ecb7  forums.tar.gz
103799044d306e2a2d89392bb75e7f63  gambling.tar.gz
e609237c38be5e1c24a1e6df8926b790  games.tar.gz
a294d4c5f5c848f0cd3c2f2cfee57a9d  global_usage
467047e030cd25ada0ff07e7efde319b  good.tar.gz
ddd5187dce51f7bd1063f21bf2bdc461  hacking.tar.gz
f8bca2fb264f98dee6568be26c2b6bb0  indisponible.tar.gz
4976557bd22128751a89a483425ef071  jobsearch.tar.gz
ac1964f0919cb2a7a1627ed9734358fd  jstor.tar.gz
df9a1b3eb930697f684e0aae9ee09a58  LICENSE.pdf
4753173b4ee1b638971604750ee51275  LICENSE.pdf.tar.gz
29a11ec35a9c3e7a0ac37d6b64f86939  lingerie.tar.gz
9079e2e6b69e9d0db12788b87d8b47c1  liste_blanche.tar.gz
e9ae1234fc81a51b431d724c5bb66ae8  liste_bu.tar.gz
15feac414f0b5351e806182ff0baf0cf  local.tar.gz
1e71ad40e09c1565d414168e97eeccc4  malware.tar.gz
80bc3c500258a309de37cc0511b47fc4  manga.tar.gz
d7be2414cf87b82f22742cb262c8ebf5  marketingware.tar.gz
3aeffc2d27cb1ae2844f92882e07fea7  mixed_adult.tar.gz
1168e678a24066d3cf6ddefb4d44ee22  mobile-phone.tar.gz
1e71ad40e09c1565d414168e97eeccc4  phishing.tar.gz
9ee7e762cf5d5f13b6bf9a418f007d52  porn.tar.gz
be9c8406136a5d4a95346b328a95ecda  press.tar.gz
94ed5ee37d319d4e040982a5584d635b  proxy.tar.gz
d22c183987f8955fa1059bcae8324779  publicite.tar.gz
303322ba3b87b10a5fac6aa6d176cddd  radio.tar.gz
d41d8cd98f00b204e9800998ecf8427e  README
644078c9061fe7413d4f42ab9259bacc  README.tar.gz
38238ffd5639b166e922f7395a9f60c8  reaffected.tar.gz
94ed5ee37d319d4e040982a5584d635b  redirector.tar.gz
a954b84605ad65b8b5b8dd34ff27c229  remote-control.tar.gz
39f0262e22bc034111de9471ea14562f  residential-proxies.tar.gz
1092d04fee95e2e229745382b72d6e50  sect.tar.gz
54a727eec6c8d5a782698a559d98e49c  sexual_education.tar.gz
1883efe4498c75201b8091d00243bf6c  shopping.tar.gz
8bbb60a0481952139f346e3bda1c80e5  shortener.tar.gz
d9a4173108cae755df7eaec7d5844e1b  social_networks.tar.gz
96c016556cf1e311415be084bbda3b13  special.tar.gz
b5f4cede1142b273de163df744e02694  sports.tar.gz
a46589f0c5f1387538b0aa0f369f9bd0  stalkerware.tar.gz
0bc8dc00931bc8d074895477f5e67211  strict_redirector.tar.gz
420620b30f7cfcbf8fa7d9fec70d7f47  strong_redirector.tar.gz
68a2561d1a4821e71e6b8c2e7afeca76  translation.tar.gz
b5cf11d80c73359127770240d90494ad  tricheur_pix.tar.gz
1fadba409a782749161404c2f77fcd29  tricheur.tar.gz
a4ea40b5aaa0c027e0d3828c9bed5083  update.tar.gz
fbeadab243f379efaa4c0fea89caa60b  verisign.tar.gz
6d80ac92783049e0bcd297b7b3699827  violence.tar.gz
61150bfaa440c5e66e478c97db27f9b7  vpn.tar.gz
b10df1ff95e183b5f938886a514f2cf0  warez.tar.gz
f7c0c30a4ae48c7cd3ec420bd045abee  webhosting.tar.gz
10832a03785901d60f8232832b76b47e  webmail.tar.gz
